2026-02-17 11:18:45 [error]: Error: Credenciales inválidas
    at Function.login (C:\Users\matia\Downloads\Kimi_Agent_Panel Admin Peluquería Completo\barbershop-admin\backend\src\services\auth.service.ts:34:13)
    at C:\Users\matia\Downloads\Kimi_Agent_Panel Admin Peluquería Completo\barbershop-admin\backend\src\controllers\auth.controller.ts:44:20
2026-02-17 11:36:20 [error]: Error: Credenciales inválidas
    at Function.login (C:\Users\matia\Downloads\Kimi_Agent_Panel Admin Peluquería Completo\barbershop-admin\backend\src\services\auth.service.ts:34:13)
    at C:\Users\matia\Downloads\Kimi_Agent_Panel Admin Peluquería Completo\barbershop-admin\backend\src\controllers\auth.controller.ts:44:20
2026-02-18 12:36:00 [error]: Error: La contraseña debe contener al menos una mayúscula
    at Function.createEmployee (C:\Users\matia\Downloads\Kimi_Agent_Panel Admin Peluquería Completo\barbershop-admin\backend\src\services\employee.service.ts:27:13)
    at C:\Users\matia\Downloads\Kimi_Agent_Panel Admin Peluquería Completo\barbershop-admin\backend\src\controllers\employee.controller.ts:54:22
2026-02-18 12:49:56 [error]: Error: La contraseña debe contener al menos una mayúscula
    at Function.createEmployee (C:\Users\matia\Downloads\Kimi_Agent_Panel Admin Peluquería Completo\barbershop-admin\backend\src\services\employee.service.ts:27:13)
    at C:\Users\matia\Downloads\Kimi_Agent_Panel Admin Peluquería Completo\barbershop-admin\backend\src\controllers\employee.controller.ts:67:22
2026-02-18 12:50:32 [error]: ZodError: [
  {
    "code": "too_small",
    "minimum": 2,
    "type": "string",
    "inclusive": true,
    "exact": false,
    "message": "El nombre es requerido",
    "path": [
      "body",
      "firstName"
    ]
  }
]
    at Object.get error [as error] (C:\Users\matia\Downloads\Kimi_Agent_Panel Admin Peluquería Completo\barbershop-admin\backend\node_modules\zod\v3\types.cjs:45:31)
    at ZodObject.parse (C:\Users\matia\Downloads\Kimi_Agent_Panel Admin Peluquería Completo\barbershop-admin\backend\node_modules\zod\v3\types.cjs:120:22)
    at C:\Users\matia\Downloads\Kimi_Agent_Panel Admin Peluquería Completo\barbershop-admin\backend\src\controllers\employee.controller.ts:64:39
    at C:\Users\matia\Downloads\Kimi_Agent_Panel Admin Peluquería Completo\barbershop-admin\backend\src\middleware\error.middleware.ts:90:21
    at Layer.handle [as handle_request] (C:\Users\matia\Downloads\Kimi_Agent_Panel Admin Peluquería Completo\barbershop-admin\backend\node_modules\express\lib\router\layer.js:95:5)
    at next (C:\Users\matia\Downloads\Kimi_Agent_Panel Admin Peluquería Completo\barbershop-admin\backend\node_modules\express\lib\router\route.js:149:13)
    at C:\Users\matia\Downloads\Kimi_Agent_Panel Admin Peluquería Completo\barbershop-admin\backend\node_modules\express-rate-limit\dist\index.cjs:706:9
    at processTicksAndRejections (node:internal/process/task_queues:105:5)
    at C:\Users\matia\Downloads\Kimi_Agent_Panel Admin Peluquería Completo\barbershop-admin\backend\node_modules\express-rate-limit\dist\index.cjs:691:5
2026-02-18 12:50:52 [error]: Error: La contraseña debe contener al menos un carácter especial
    at Function.createEmployee (C:\Users\matia\Downloads\Kimi_Agent_Panel Admin Peluquería Completo\barbershop-admin\backend\src\services\employee.service.ts:27:13)
    at C:\Users\matia\Downloads\Kimi_Agent_Panel Admin Peluquería Completo\barbershop-admin\backend\src\controllers\employee.controller.ts:67:22
2026-02-18 12:55:11 [error]: Error: La contraseña debe contener al menos una mayúscula
    at Function.createEmployee (C:\Users\matia\Downloads\Kimi_Agent_Panel Admin Peluquería Completo\barbershop-admin\backend\src\services\employee.service.ts:27:13)
    at C:\Users\matia\Downloads\Kimi_Agent_Panel Admin Peluquería Completo\barbershop-admin\backend\src\controllers\employee.controller.ts:67:22
2026-02-18 19:11:01 [error]: Error: Credenciales inválidas
    at Function.login (C:\Users\matia\Downloads\Kimi_Agent_Panel Admin Peluquería Completo\barbershop-admin\backend\src\services\auth.service.ts:34:13)
    at C:\Users\matia\Downloads\Kimi_Agent_Panel Admin Peluquería Completo\barbershop-admin\backend\src\controllers\auth.controller.ts:44:20
2026-02-18 21:56:29 [error]: Error: Credenciales inválidas
    at Function.login (C:\Users\matia\Downloads\Kimi_Agent_Panel Admin Peluquería Completo\barbershop-admin\backend\src\services\auth.service.ts:34:13)
    at C:\Users\matia\Downloads\Kimi_Agent_Panel Admin Peluquería Completo\barbershop-admin\backend\src\controllers\auth.controller.ts:44:20
2026-02-18 22:06:44 [error]: Error: Credenciales inválidas
    at Function.login (C:\Users\matia\Downloads\Kimi_Agent_Panel Admin Peluquería Completo\barbershop-admin\backend\src\services\auth.service.ts:22:13)
    at C:\Users\matia\Downloads\Kimi_Agent_Panel Admin Peluquería Completo\barbershop-admin\backend\src\controllers\auth.controller.ts:44:20
2026-02-18 22:12:47 [error]: Error: Credenciales inválidas
    at Function.login (C:\Users\matia\Downloads\Kimi_Agent_Panel Admin Peluquería Completo\barbershop-admin\backend\src\services\auth.service.ts:34:13)
    at C:\Users\matia\Downloads\Kimi_Agent_Panel Admin Peluquería Completo\barbershop-admin\backend\src\controllers\auth.controller.ts:44:20
2026-02-19 19:10:12 [error]: Error: Credenciales inválidas
    at Function.login (C:\Users\matia\Downloads\Kimi_Agent_Panel Admin Peluquería Completo\barbershop-admin\backend\src\services\auth.service.ts:34:13)
    at C:\Users\matia\Downloads\Kimi_Agent_Panel Admin Peluquería Completo\barbershop-admin\backend\src\controllers\auth.controller.ts:44:20
2026-02-19 22:31:29 [error]: Error: Credenciales inválidas
    at Function.login (C:\Users\matia\Downloads\Kimi_Agent_Panel Admin Peluquería Completo\barbershop-admin\backend\src\services\auth.service.ts:34:13)
    at C:\Users\matia\Downloads\Kimi_Agent_Panel Admin Peluquería Completo\barbershop-admin\backend\src\controllers\auth.controller.ts:44:20
2026-02-19 22:31:34 [error]: Error: Credenciales inválidas
    at Function.login (C:\Users\matia\Downloads\Kimi_Agent_Panel Admin Peluquería Completo\barbershop-admin\backend\src\services\auth.service.ts:34:13)
    at C:\Users\matia\Downloads\Kimi_Agent_Panel Admin Peluquería Completo\barbershop-admin\backend\src\controllers\auth.controller.ts:44:20
2026-02-20 20:45:52 [error]: Error: Credenciales inválidas
    at Function.login (C:\Users\matia\Downloads\Kimi_Agent_Panel Admin Peluquería Completo\barbershop-admin\backend\src\services\auth.service.ts:22:13)
    at C:\Users\matia\Downloads\Kimi_Agent_Panel Admin Peluquería Completo\barbershop-admin\backend\src\controllers\auth.controller.ts:44:20
2026-02-20 21:17:23 [error]: Error: Credenciales inválidas
    at Function.login (C:\Users\matia\Downloads\Kimi_Agent_Panel Admin Peluquería Completo\barbershop-admin\backend\src\services\auth.service.ts:34:13)
    at C:\Users\matia\Downloads\Kimi_Agent_Panel Admin Peluquería Completo\barbershop-admin\backend\src\controllers\auth.controller.ts:44:20
2026-02-20 23:15:30 [error]: Error: Credenciales inválidas
    at Function.login (C:\Users\matia\Downloads\Kimi_Agent_Panel Admin Peluquería Completo\barbershop-admin\backend\src\services\auth.service.ts:34:13)
    at C:\Users\matia\Downloads\Kimi_Agent_Panel Admin Peluquería Completo\barbershop-admin\backend\src\controllers\auth.controller.ts:44:20
2026-02-20 23:16:29 [error]: Withdrawal notification email failed
2026-02-20 23:16:29 [error]: Withdrawal notification email failed
2026-02-20 23:16:29 [error]: Withdrawal notification email failed
2026-02-20 23:16:29 [error]: Withdrawal notification email failed
2026-02-20 23:16:29 [error]: Withdrawal notification email failed
2026-02-20 23:24:29 [error]: Withdrawal notification email failed (WD-20260220-232405-1184) user=cf7bbe1d-e37f-4abb-98f5-308352da599a detail=Error: Invalid login: 535-5.7.8 Username and Password not accepted. For more information, go to
535 5.7.8  https://support.google.com/mail/?p=BadCredentials 71dfb90a1353d-568e58f9aeasm1528279e0c.11 - gsmtp
2026-02-20 23:40:05 [error]: TypeError: Cannot read properties of undefined (reading 'aggregate')
    at Function.getEmployeeEarnings (C:\Users\matia\Downloads\Kimi_Agent_Panel Admin Peluquería Completo\barbershop-admin\backend\src\services\employee.service.ts:339:58)
    at C:\Users\matia\Downloads\Kimi_Agent_Panel Admin Peluquería Completo\barbershop-admin\backend\src\controllers\employee.controller.ts:203:22
2026-02-20 23:40:05 [error]: TypeError: Cannot read properties of undefined (reading 'aggregate')
    at Function.getEmployeeEarnings (C:\Users\matia\Downloads\Kimi_Agent_Panel Admin Peluquería Completo\barbershop-admin\backend\src\services\employee.service.ts:339:58)
    at C:\Users\matia\Downloads\Kimi_Agent_Panel Admin Peluquería Completo\barbershop-admin\backend\src\controllers\employee.controller.ts:203:22
2026-03-04 10:23:12 [error]: Error: Credenciales inválidas
    at AuthService.login (C:\Users\matia\Downloads\Kimi_Agent_Panel Admin Peluquería Completo\barbershop-admin\backend\dist\services\auth.service.js:25:19)
    at async C:\Users\matia\Downloads\Kimi_Agent_Panel Admin Peluquería Completo\barbershop-admin\backend\dist\controllers\auth.controller.js:43:20
2026-03-04 10:25:03 [error]: Error: Credenciales inválidas
    at AuthService.login (C:\Users\matia\Downloads\Kimi_Agent_Panel Admin Peluquería Completo\barbershop-admin\backend\dist\services\auth.service.js:16:19)
    at async C:\Users\matia\Downloads\Kimi_Agent_Panel Admin Peluquería Completo\barbershop-admin\backend\dist\controllers\auth.controller.js:43:20
2026-03-04 10:25:48 [error]: Error: Credenciales inválidas
    at AuthService.login (C:\Users\matia\Downloads\Kimi_Agent_Panel Admin Peluquería Completo\barbershop-admin\backend\dist\services\auth.service.js:25:19)
    at async C:\Users\matia\Downloads\Kimi_Agent_Panel Admin Peluquería Completo\barbershop-admin\backend\dist\controllers\auth.controller.js:43:20
2026-03-06 18:04:30 [error]: Error: Token de refresco inválido
    at Function.refreshTokens (C:\Users\matia\Downloads\Kimi_Agent_Panel Admin Peluquería Completo\barbershop-admin\backend\src\services\auth.service.ts:152:13)
    at C:\Users\matia\Downloads\Kimi_Agent_Panel Admin Peluquería Completo\barbershop-admin\backend\src\controllers\auth.controller.ts:77:38
    at C:\Users\matia\Downloads\Kimi_Agent_Panel Admin Peluquería Completo\barbershop-admin\backend\src\middleware\error.middleware.ts:90:21
    at Layer.handle [as handle_request] (C:\Users\matia\Downloads\Kimi_Agent_Panel Admin Peluquería Completo\barbershop-admin\backend\node_modules\express\lib\router\layer.js:95:5)
    at next (C:\Users\matia\Downloads\Kimi_Agent_Panel Admin Peluquería Completo\barbershop-admin\backend\node_modules\express\lib\router\route.js:149:13)
    at Route.dispatch (C:\Users\matia\Downloads\Kimi_Agent_Panel Admin Peluquería Completo\barbershop-admin\backend\node_modules\express\lib\router\route.js:119:3)
    at Layer.handle [as handle_request] (C:\Users\matia\Downloads\Kimi_Agent_Panel Admin Peluquería Completo\barbershop-admin\backend\node_modules\express\lib\router\layer.js:95:5)
    at C:\Users\matia\Downloads\Kimi_Agent_Panel Admin Peluquería Completo\barbershop-admin\backend\node_modules\express\lib\router\index.js:284:15
    at Function.process_params (C:\Users\matia\Downloads\Kimi_Agent_Panel Admin Peluquería Completo\barbershop-admin\backend\node_modules\express\lib\router\index.js:346:12)
    at next (C:\Users\matia\Downloads\Kimi_Agent_Panel Admin Peluquería Completo\barbershop-admin\backend\node_modules\express\lib\router\index.js:280:10)
2026-03-06 18:53:46 [error]: Error: Token de refresco inválido
    at Function.refreshTokens (C:\Users\matia\Downloads\Kimi_Agent_Panel Admin Peluquería Completo\barbershop-admin\backend\src\services\auth.service.ts:169:13)
    at C:\Users\matia\Downloads\Kimi_Agent_Panel Admin Peluquería Completo\barbershop-admin\backend\src\controllers\auth.controller.ts:77:20
2026-03-06 18:56:30 [error]: Error: Credenciales inválidas
    at Function.login (C:\Users\matia\Downloads\Kimi_Agent_Panel Admin Peluquería Completo\barbershop-admin\backend\src\services\auth.service.ts:22:13)
    at C:\Users\matia\Downloads\Kimi_Agent_Panel Admin Peluquería Completo\barbershop-admin\backend\src\controllers\auth.controller.ts:44:20
2026-03-06 19:37:26 [error]: Error: La contraseña debe contener al menos una mayúscula
    at Function.register (C:\Users\matia\Downloads\Kimi_Agent_Panel Admin Peluquería Completo\barbershop-admin\backend\src\services\auth.service.ts:82:13)
    at C:\Users\matia\Downloads\Kimi_Agent_Panel Admin Peluquería Completo\barbershop-admin\backend\src\controllers\auth.controller.ts:55:20
2026-03-06 19:37:32 [error]: Error: La contraseña debe contener al menos una mayúscula
    at Function.register (C:\Users\matia\Downloads\Kimi_Agent_Panel Admin Peluquería Completo\barbershop-admin\backend\src\services\auth.service.ts:82:13)
    at C:\Users\matia\Downloads\Kimi_Agent_Panel Admin Peluquería Completo\barbershop-admin\backend\src\controllers\auth.controller.ts:55:20
2026-03-06 20:09:37 [error]: Error: Token de refresco inválido
    at Function.refreshTokens (c:\Users\matia\Downloads\Kimi_Agent_Panel Admin Peluquería Completo\barbershop-admin\backend\src\services\auth.service.ts:175:13)
    at c:\Users\matia\Downloads\Kimi_Agent_Panel Admin Peluquería Completo\barbershop-admin\backend\src\controllers\auth.controller.ts:79:20
2026-03-06 21:20:05 [error]: Error: listen EADDRINUSE: address already in use :::3001
    at Server.setupListenHandle [as _listen2] (node:net:1940:16)
    at listenInCluster (node:net:1997:12)
    at Server.listen (node:net:2102:7)
    at Function.listen (C:\Users\matia\Downloads\Kimi_Agent_Panel Admin Peluquería Completo\barbershop-admin\backend\node_modules\express\lib\application.js:635:24)
    at startServer (C:\Users\matia\Downloads\Kimi_Agent_Panel Admin Peluquería Completo\barbershop-admin\backend\src\app.ts:98:9)
2026-03-06 22:34:49 [error]: Error: La contraseña debe contener al menos un carácter especial
    at Function.register (c:\Users\matia\Downloads\Kimi_Agent_Panel Admin Peluquería Completo\barbershop-admin\backend\src\services\auth.service.ts:82:13)
    at c:\Users\matia\Downloads\Kimi_Agent_Panel Admin Peluquería Completo\barbershop-admin\backend\src\controllers\auth.controller.ts:57:20
2026-03-06 22:35:03 [error]: Error: La contraseña debe contener al menos un carácter especial
    at Function.register (c:\Users\matia\Downloads\Kimi_Agent_Panel Admin Peluquería Completo\barbershop-admin\backend\src\services\auth.service.ts:82:13)
    at c:\Users\matia\Downloads\Kimi_Agent_Panel Admin Peluquería Completo\barbershop-admin\backend\src\controllers\auth.controller.ts:57:20
2026-03-06 22:35:19 [error]: Error: La contraseña debe contener al menos un carácter especial
    at Function.register (c:\Users\matia\Downloads\Kimi_Agent_Panel Admin Peluquería Completo\barbershop-admin\backend\src\services\auth.service.ts:82:13)
    at c:\Users\matia\Downloads\Kimi_Agent_Panel Admin Peluquería Completo\barbershop-admin\backend\src\controllers\auth.controller.ts:57:20
2026-03-06 22:40:24 [error]: Error: La contraseña debe contener al menos una mayúscula
    at Function.register (c:\Users\matia\Downloads\Kimi_Agent_Panel Admin Peluquería Completo\barbershop-admin\backend\src\services\auth.service.ts:82:13)
    at c:\Users\matia\Downloads\Kimi_Agent_Panel Admin Peluquería Completo\barbershop-admin\backend\src\controllers\auth.controller.ts:57:20
2026-03-07 10:59:18 [error]: Error: TENANT_INACTIVE
    at Function.login (C:\Users\matia\Downloads\Kimi_Agent_Panel Admin Peluquería Completo\barbershop-admin\backend\src\services\auth.service.ts:37:26)
    at C:\Users\matia\Downloads\Kimi_Agent_Panel Admin Peluquería Completo\barbershop-admin\backend\src\controllers\auth.controller.ts:46:20
2026-03-07 10:59:36 [error]: Error: TENANT_INACTIVE
    at Function.login (C:\Users\matia\Downloads\Kimi_Agent_Panel Admin Peluquería Completo\barbershop-admin\backend\src\services\auth.service.ts:37:26)
    at C:\Users\matia\Downloads\Kimi_Agent_Panel Admin Peluquería Completo\barbershop-admin\backend\src\controllers\auth.controller.ts:46:20
2026-03-07 11:03:19 [error]: Error: TENANT_INACTIVE
    at Function.login (C:\Users\matia\Downloads\Kimi_Agent_Panel Admin Peluquería Completo\barbershop-admin\backend\src\services\auth.service.ts:37:26)
    at C:\Users\matia\Downloads\Kimi_Agent_Panel Admin Peluquería Completo\barbershop-admin\backend\src\controllers\auth.controller.ts:46:20
2026-03-07 11:03:40 [error]: Error: TENANT_INACTIVE
    at Function.login (C:\Users\matia\Downloads\Kimi_Agent_Panel Admin Peluquería Completo\barbershop-admin\backend\src\services\auth.service.ts:37:26)
    at C:\Users\matia\Downloads\Kimi_Agent_Panel Admin Peluquería Completo\barbershop-admin\backend\src\controllers\auth.controller.ts:46:20
2026-03-07 11:26:29 [error]: Error: Credenciales inválidas. Te quedan 3 intentos antes de bloquear la cuenta.
    at Function.login (C:\Users\matia\Downloads\Kimi_Agent_Panel Admin Peluquería Completo\barbershop-admin\backend\src\services\auth.service.ts:87:24)
    at C:\Users\matia\Downloads\Kimi_Agent_Panel Admin Peluquería Completo\barbershop-admin\backend\src\controllers\auth.controller.ts:46:20
2026-03-07 11:26:36 [error]: Error: Credenciales inválidas. Te quedan 3 intentos antes de bloquear la cuenta.
    at Function.login (C:\Users\matia\Downloads\Kimi_Agent_Panel Admin Peluquería Completo\barbershop-admin\backend\src\services\auth.service.ts:87:24)
    at C:\Users\matia\Downloads\Kimi_Agent_Panel Admin Peluquería Completo\barbershop-admin\backend\src\controllers\auth.controller.ts:46:20
2026-03-07 11:34:33 [error]: Error: Credenciales inválidas. Te quedan 3 intentos antes de bloquear la cuenta.
    at Function.login (C:\Users\matia\Downloads\Kimi_Agent_Panel Admin Peluquería Completo\barbershop-admin\backend\src\services\auth.service.ts:87:24)
    at C:\Users\matia\Downloads\Kimi_Agent_Panel Admin Peluquería Completo\barbershop-admin\backend\src\controllers\auth.controller.ts:46:20
2026-03-07 11:34:35 [error]: Error: Credenciales inválidas. Te quedan 3 intentos antes de bloquear la cuenta.
    at Function.login (C:\Users\matia\Downloads\Kimi_Agent_Panel Admin Peluquería Completo\barbershop-admin\backend\src\services\auth.service.ts:87:24)
    at C:\Users\matia\Downloads\Kimi_Agent_Panel Admin Peluquería Completo\barbershop-admin\backend\src\controllers\auth.controller.ts:46:20
2026-03-07 11:34:37 [error]: Error: Credenciales inválidas. Te quedan 3 intentos antes de bloquear la cuenta.
    at Function.login (C:\Users\matia\Downloads\Kimi_Agent_Panel Admin Peluquería Completo\barbershop-admin\backend\src\services\auth.service.ts:87:24)
    at C:\Users\matia\Downloads\Kimi_Agent_Panel Admin Peluquería Completo\barbershop-admin\backend\src\controllers\auth.controller.ts:46:20
2026-03-07 11:38:45 [error]: Error: Credenciales inválidas. Te quedan 3 intentos antes de bloquear la cuenta.
    at Function.login (C:\Users\matia\Downloads\Kimi_Agent_Panel Admin Peluquería Completo\barbershop-admin\backend\src\services\auth.service.ts:87:24)
    at C:\Users\matia\Downloads\Kimi_Agent_Panel Admin Peluquería Completo\barbershop-admin\backend\src\controllers\auth.controller.ts:46:20
2026-03-07 11:38:47 [error]: Error: Credenciales inválidas. Te quedan 3 intentos antes de bloquear la cuenta.
    at Function.login (C:\Users\matia\Downloads\Kimi_Agent_Panel Admin Peluquería Completo\barbershop-admin\backend\src\services\auth.service.ts:87:24)
    at C:\Users\matia\Downloads\Kimi_Agent_Panel Admin Peluquería Completo\barbershop-admin\backend\src\controllers\auth.controller.ts:46:20
2026-03-07 11:38:48 [error]: Error: Credenciales inválidas. Te quedan 3 intentos antes de bloquear la cuenta.
    at Function.login (C:\Users\matia\Downloads\Kimi_Agent_Panel Admin Peluquería Completo\barbershop-admin\backend\src\services\auth.service.ts:87:24)
    at C:\Users\matia\Downloads\Kimi_Agent_Panel Admin Peluquería Completo\barbershop-admin\backend\src\controllers\auth.controller.ts:46:20
2026-03-07 11:38:50 [error]: Error: Credenciales inválidas. Te quedan 3 intentos antes de bloquear la cuenta.
    at Function.login (C:\Users\matia\Downloads\Kimi_Agent_Panel Admin Peluquería Completo\barbershop-admin\backend\src\services\auth.service.ts:87:24)
    at C:\Users\matia\Downloads\Kimi_Agent_Panel Admin Peluquería Completo\barbershop-admin\backend\src\controllers\auth.controller.ts:46:20
2026-03-07 11:38:52 [error]: Error: Credenciales inválidas. Te quedan 3 intentos antes de bloquear la cuenta.
    at Function.login (C:\Users\matia\Downloads\Kimi_Agent_Panel Admin Peluquería Completo\barbershop-admin\backend\src\services\auth.service.ts:87:24)
    at C:\Users\matia\Downloads\Kimi_Agent_Panel Admin Peluquería Completo\barbershop-admin\backend\src\controllers\auth.controller.ts:46:20
2026-03-07 11:39:15 [error]: Error: Credenciales inválidas. Te quedan 3 intentos antes de bloquear la cuenta.
    at Function.login (C:\Users\matia\Downloads\Kimi_Agent_Panel Admin Peluquería Completo\barbershop-admin\backend\src\services\auth.service.ts:87:24)
    at C:\Users\matia\Downloads\Kimi_Agent_Panel Admin Peluquería Completo\barbershop-admin\backend\src\controllers\auth.controller.ts:46:20
2026-03-07 11:39:16 [error]: Error: Credenciales inválidas. Te quedan 3 intentos antes de bloquear la cuenta.
    at Function.login (C:\Users\matia\Downloads\Kimi_Agent_Panel Admin Peluquería Completo\barbershop-admin\backend\src\services\auth.service.ts:87:24)
    at C:\Users\matia\Downloads\Kimi_Agent_Panel Admin Peluquería Completo\barbershop-admin\backend\src\controllers\auth.controller.ts:46:20
2026-03-07 11:40:01 [error]: Error: Credenciales inválidas. Te quedan 3 intentos antes de bloquear la cuenta.
    at Function.login (C:\Users\matia\Downloads\Kimi_Agent_Panel Admin Peluquería Completo\barbershop-admin\backend\src\services\auth.service.ts:87:24)
    at C:\Users\matia\Downloads\Kimi_Agent_Panel Admin Peluquería Completo\barbershop-admin\backend\src\controllers\auth.controller.ts:46:20
2026-03-07 11:40:03 [error]: Error: Credenciales inválidas. Te quedan 3 intentos antes de bloquear la cuenta.
    at Function.login (C:\Users\matia\Downloads\Kimi_Agent_Panel Admin Peluquería Completo\barbershop-admin\backend\src\services\auth.service.ts:87:24)
    at C:\Users\matia\Downloads\Kimi_Agent_Panel Admin Peluquería Completo\barbershop-admin\backend\src\controllers\auth.controller.ts:46:20
2026-03-07 11:42:28 [error]: Error: Credenciales inválidas. Te quedan 3 intentos antes de bloquear la cuenta.
    at Function.login (C:\Users\matia\Downloads\Kimi_Agent_Panel Admin Peluquería Completo\barbershop-admin\backend\src\services\auth.service.ts:98:24)
    at C:\Users\matia\Downloads\Kimi_Agent_Panel Admin Peluquería Completo\barbershop-admin\backend\src\controllers\auth.controller.ts:46:20
2026-03-07 11:42:29 [error]: Error: Credenciales inválidas. Te quedan 2 intentos antes de bloquear la cuenta.
    at Function.login (C:\Users\matia\Downloads\Kimi_Agent_Panel Admin Peluquería Completo\barbershop-admin\backend\src\services\auth.service.ts:98:24)
    at C:\Users\matia\Downloads\Kimi_Agent_Panel Admin Peluquería Completo\barbershop-admin\backend\src\controllers\auth.controller.ts:46:20
2026-03-07 11:42:30 [error]: Error: Credenciales inválidas. Te quedan 1 intento antes de bloquear la cuenta.
    at Function.login (C:\Users\matia\Downloads\Kimi_Agent_Panel Admin Peluquería Completo\barbershop-admin\backend\src\services\auth.service.ts:98:24)
    at C:\Users\matia\Downloads\Kimi_Agent_Panel Admin Peluquería Completo\barbershop-admin\backend\src\controllers\auth.controller.ts:46:20
2026-03-07 11:42:32 [error]: Error: ACCOUNT_LOCKED
    at Function.login (C:\Users\matia\Downloads\Kimi_Agent_Panel Admin Peluquería Completo\barbershop-admin\backend\src\services\auth.service.ts:88:26)
    at C:\Users\matia\Downloads\Kimi_Agent_Panel Admin Peluquería Completo\barbershop-admin\backend\src\controllers\auth.controller.ts:46:20
2026-03-07 11:42:50 [error]: Error: Credenciales inválidas. Te quedan 3 intentos antes de bloquear la cuenta.
    at Function.login (C:\Users\matia\Downloads\Kimi_Agent_Panel Admin Peluquería Completo\barbershop-admin\backend\src\services\auth.service.ts:98:24)
    at C:\Users\matia\Downloads\Kimi_Agent_Panel Admin Peluquería Completo\barbershop-admin\backend\src\controllers\auth.controller.ts:46:20
2026-03-07 11:43:28 [error]: Error: ACCOUNT_LOCKED
    at Function.login (C:\Users\matia\Downloads\Kimi_Agent_Panel Admin Peluquería Completo\barbershop-admin\backend\src\services\auth.service.ts:37:24)
    at C:\Users\matia\Downloads\Kimi_Agent_Panel Admin Peluquería Completo\barbershop-admin\backend\src\controllers\auth.controller.ts:46:38
    at C:\Users\matia\Downloads\Kimi_Agent_Panel Admin Peluquería Completo\barbershop-admin\backend\src\middleware\error.middleware.ts:121:21
    at Layer.handle [as handle_request] (C:\Users\matia\Downloads\Kimi_Agent_Panel Admin Peluquería Completo\barbershop-admin\backend\node_modules\express\lib\router\layer.js:95:5)
    at next (C:\Users\matia\Downloads\Kimi_Agent_Panel Admin Peluquería Completo\barbershop-admin\backend\node_modules\express\lib\router\route.js:149:13)
    at Route.dispatch (C:\Users\matia\Downloads\Kimi_Agent_Panel Admin Peluquería Completo\barbershop-admin\backend\node_modules\express\lib\router\route.js:119:3)
    at Layer.handle [as handle_request] (C:\Users\matia\Downloads\Kimi_Agent_Panel Admin Peluquería Completo\barbershop-admin\backend\node_modules\express\lib\router\layer.js:95:5)
    at C:\Users\matia\Downloads\Kimi_Agent_Panel Admin Peluquería Completo\barbershop-admin\backend\node_modules\express\lib\router\index.js:284:15
    at Function.process_params (C:\Users\matia\Downloads\Kimi_Agent_Panel Admin Peluquería Completo\barbershop-admin\backend\node_modules\express\lib\router\index.js:346:12)
    at next (C:\Users\matia\Downloads\Kimi_Agent_Panel Admin Peluquería Completo\barbershop-admin\backend\node_modules\express\lib\router\index.js:280:10)
2026-03-07 11:46:05 [error]: Error: ACCOUNT_LOCKED
    at Function.login (C:\Users\matia\Downloads\Kimi_Agent_Panel Admin Peluquería Completo\barbershop-admin\backend\src\services\auth.service.ts:37:24)
    at C:\Users\matia\Downloads\Kimi_Agent_Panel Admin Peluquería Completo\barbershop-admin\backend\src\controllers\auth.controller.ts:46:38
    at C:\Users\matia\Downloads\Kimi_Agent_Panel Admin Peluquería Completo\barbershop-admin\backend\src\middleware\error.middleware.ts:121:21
    at Layer.handle [as handle_request] (C:\Users\matia\Downloads\Kimi_Agent_Panel Admin Peluquería Completo\barbershop-admin\backend\node_modules\express\lib\router\layer.js:95:5)
    at next (C:\Users\matia\Downloads\Kimi_Agent_Panel Admin Peluquería Completo\barbershop-admin\backend\node_modules\express\lib\router\route.js:149:13)
    at Route.dispatch (C:\Users\matia\Downloads\Kimi_Agent_Panel Admin Peluquería Completo\barbershop-admin\backend\node_modules\express\lib\router\route.js:119:3)
    at Layer.handle [as handle_request] (C:\Users\matia\Downloads\Kimi_Agent_Panel Admin Peluquería Completo\barbershop-admin\backend\node_modules\express\lib\router\layer.js:95:5)
    at C:\Users\matia\Downloads\Kimi_Agent_Panel Admin Peluquería Completo\barbershop-admin\backend\node_modules\express\lib\router\index.js:284:15
    at Function.process_params (C:\Users\matia\Downloads\Kimi_Agent_Panel Admin Peluquería Completo\barbershop-admin\backend\node_modules\express\lib\router\index.js:346:12)
    at next (C:\Users\matia\Downloads\Kimi_Agent_Panel Admin Peluquería Completo\barbershop-admin\backend\node_modules\express\lib\router\index.js:280:10)
2026-03-07 11:48:18 [error]: Error: ACCOUNT_LOCKED
    at Function.login (C:\Users\matia\Downloads\Kimi_Agent_Panel Admin Peluquería Completo\barbershop-admin\backend\src\services\auth.service.ts:37:24)
    at C:\Users\matia\Downloads\Kimi_Agent_Panel Admin Peluquería Completo\barbershop-admin\backend\src\controllers\auth.controller.ts:46:38
    at C:\Users\matia\Downloads\Kimi_Agent_Panel Admin Peluquería Completo\barbershop-admin\backend\src\middleware\error.middleware.ts:121:21
    at Layer.handle [as handle_request] (C:\Users\matia\Downloads\Kimi_Agent_Panel Admin Peluquería Completo\barbershop-admin\backend\node_modules\express\lib\router\layer.js:95:5)
    at next (C:\Users\matia\Downloads\Kimi_Agent_Panel Admin Peluquería Completo\barbershop-admin\backend\node_modules\express\lib\router\route.js:149:13)
    at Route.dispatch (C:\Users\matia\Downloads\Kimi_Agent_Panel Admin Peluquería Completo\barbershop-admin\backend\node_modules\express\lib\router\route.js:119:3)
    at Layer.handle [as handle_request] (C:\Users\matia\Downloads\Kimi_Agent_Panel Admin Peluquería Completo\barbershop-admin\backend\node_modules\express\lib\router\layer.js:95:5)
    at C:\Users\matia\Downloads\Kimi_Agent_Panel Admin Peluquería Completo\barbershop-admin\backend\node_modules\express\lib\router\index.js:284:15
    at Function.process_params (C:\Users\matia\Downloads\Kimi_Agent_Panel Admin Peluquería Completo\barbershop-admin\backend\node_modules\express\lib\router\index.js:346:12)
    at next (C:\Users\matia\Downloads\Kimi_Agent_Panel Admin Peluquería Completo\barbershop-admin\backend\node_modules\express\lib\router\index.js:280:10)
2026-03-07 11:48:59 [error]: Error: ACCOUNT_LOCKED
    at Function.login (C:\Users\matia\Downloads\Kimi_Agent_Panel Admin Peluquería Completo\barbershop-admin\backend\src\services\auth.service.ts:37:24)
    at C:\Users\matia\Downloads\Kimi_Agent_Panel Admin Peluquería Completo\barbershop-admin\backend\src\controllers\auth.controller.ts:46:38
    at C:\Users\matia\Downloads\Kimi_Agent_Panel Admin Peluquería Completo\barbershop-admin\backend\src\middleware\error.middleware.ts:121:21
    at Layer.handle [as handle_request] (C:\Users\matia\Downloads\Kimi_Agent_Panel Admin Peluquería Completo\barbershop-admin\backend\node_modules\express\lib\router\layer.js:95:5)
    at next (C:\Users\matia\Downloads\Kimi_Agent_Panel Admin Peluquería Completo\barbershop-admin\backend\node_modules\express\lib\router\route.js:149:13)
    at Route.dispatch (C:\Users\matia\Downloads\Kimi_Agent_Panel Admin Peluquería Completo\barbershop-admin\backend\node_modules\express\lib\router\route.js:119:3)
    at Layer.handle [as handle_request] (C:\Users\matia\Downloads\Kimi_Agent_Panel Admin Peluquería Completo\barbershop-admin\backend\node_modules\express\lib\router\layer.js:95:5)
    at C:\Users\matia\Downloads\Kimi_Agent_Panel Admin Peluquería Completo\barbershop-admin\backend\node_modules\express\lib\router\index.js:284:15
    at Function.process_params (C:\Users\matia\Downloads\Kimi_Agent_Panel Admin Peluquería Completo\barbershop-admin\backend\node_modules\express\lib\router\index.js:346:12)
    at next (C:\Users\matia\Downloads\Kimi_Agent_Panel Admin Peluquería Completo\barbershop-admin\backend\node_modules\express\lib\router\index.js:280:10)
2026-03-07 11:51:09 [error]: Error: Credenciales inválidas. Te quedan 3 intentos antes de bloquear la cuenta.
    at Function.login (C:\Users\matia\Downloads\Kimi_Agent_Panel Admin Peluquería Completo\barbershop-admin\backend\src\services\auth.service.ts:98:24)
    at C:\Users\matia\Downloads\Kimi_Agent_Panel Admin Peluquería Completo\barbershop-admin\backend\src\controllers\auth.controller.ts:46:20
2026-03-07 11:51:16 [error]: Error: Credenciales inválidas. Te quedan 2 intentos antes de bloquear la cuenta.
    at Function.login (C:\Users\matia\Downloads\Kimi_Agent_Panel Admin Peluquería Completo\barbershop-admin\backend\src\services\auth.service.ts:98:24)
    at C:\Users\matia\Downloads\Kimi_Agent_Panel Admin Peluquería Completo\barbershop-admin\backend\src\controllers\auth.controller.ts:46:20
2026-03-07 11:51:17 [error]: Error: Credenciales inválidas. Te quedan 1 intento antes de bloquear la cuenta.
    at Function.login (C:\Users\matia\Downloads\Kimi_Agent_Panel Admin Peluquería Completo\barbershop-admin\backend\src\services\auth.service.ts:98:24)
    at C:\Users\matia\Downloads\Kimi_Agent_Panel Admin Peluquería Completo\barbershop-admin\backend\src\controllers\auth.controller.ts:46:20
2026-03-07 11:51:19 [error]: Error: ACCOUNT_LOCKED
    at Function.login (C:\Users\matia\Downloads\Kimi_Agent_Panel Admin Peluquería Completo\barbershop-admin\backend\src\services\auth.service.ts:88:26)
    at C:\Users\matia\Downloads\Kimi_Agent_Panel Admin Peluquería Completo\barbershop-admin\backend\src\controllers\auth.controller.ts:46:20
2026-03-07 11:59:28 [error]: Error: ACCOUNT_LOCKED
    at Function.login (C:\Users\matia\Downloads\Kimi_Agent_Panel Admin Peluquería Completo\barbershop-admin\backend\src\services\auth.service.ts:37:24)
    at C:\Users\matia\Downloads\Kimi_Agent_Panel Admin Peluquería Completo\barbershop-admin\backend\src\controllers\auth.controller.ts:46:38
    at C:\Users\matia\Downloads\Kimi_Agent_Panel Admin Peluquería Completo\barbershop-admin\backend\src\middleware\error.middleware.ts:121:21
    at Layer.handle [as handle_request] (C:\Users\matia\Downloads\Kimi_Agent_Panel Admin Peluquería Completo\barbershop-admin\backend\node_modules\express\lib\router\layer.js:95:5)
    at next (C:\Users\matia\Downloads\Kimi_Agent_Panel Admin Peluquería Completo\barbershop-admin\backend\node_modules\express\lib\router\route.js:149:13)
    at Route.dispatch (C:\Users\matia\Downloads\Kimi_Agent_Panel Admin Peluquería Completo\barbershop-admin\backend\node_modules\express\lib\router\route.js:119:3)
    at Layer.handle [as handle_request] (C:\Users\matia\Downloads\Kimi_Agent_Panel Admin Peluquería Completo\barbershop-admin\backend\node_modules\express\lib\router\layer.js:95:5)
    at C:\Users\matia\Downloads\Kimi_Agent_Panel Admin Peluquería Completo\barbershop-admin\backend\node_modules\express\lib\router\index.js:284:15
    at Function.process_params (C:\Users\matia\Downloads\Kimi_Agent_Panel Admin Peluquería Completo\barbershop-admin\backend\node_modules\express\lib\router\index.js:346:12)
    at next (C:\Users\matia\Downloads\Kimi_Agent_Panel Admin Peluquería Completo\barbershop-admin\backend\node_modules\express\lib\router\index.js:280:10)
2026-03-07 11:59:52 [error]: Error: ACCOUNT_LOCKED
    at Function.login (C:\Users\matia\Downloads\Kimi_Agent_Panel Admin Peluquería Completo\barbershop-admin\backend\src\services\auth.service.ts:37:24)
    at C:\Users\matia\Downloads\Kimi_Agent_Panel Admin Peluquería Completo\barbershop-admin\backend\src\controllers\auth.controller.ts:46:38
    at C:\Users\matia\Downloads\Kimi_Agent_Panel Admin Peluquería Completo\barbershop-admin\backend\src\middleware\error.middleware.ts:121:21
    at Layer.handle [as handle_request] (C:\Users\matia\Downloads\Kimi_Agent_Panel Admin Peluquería Completo\barbershop-admin\backend\node_modules\express\lib\router\layer.js:95:5)
    at next (C:\Users\matia\Downloads\Kimi_Agent_Panel Admin Peluquería Completo\barbershop-admin\backend\node_modules\express\lib\router\route.js:149:13)
    at Route.dispatch (C:\Users\matia\Downloads\Kimi_Agent_Panel Admin Peluquería Completo\barbershop-admin\backend\node_modules\express\lib\router\route.js:119:3)
    at Layer.handle [as handle_request] (C:\Users\matia\Downloads\Kimi_Agent_Panel Admin Peluquería Completo\barbershop-admin\backend\node_modules\express\lib\router\layer.js:95:5)
    at C:\Users\matia\Downloads\Kimi_Agent_Panel Admin Peluquería Completo\barbershop-admin\backend\node_modules\express\lib\router\index.js:284:15
    at Function.process_params (C:\Users\matia\Downloads\Kimi_Agent_Panel Admin Peluquería Completo\barbershop-admin\backend\node_modules\express\lib\router\index.js:346:12)
    at next (C:\Users\matia\Downloads\Kimi_Agent_Panel Admin Peluquería Completo\barbershop-admin\backend\node_modules\express\lib\router\index.js:280:10)
2026-03-09 21:08:19 [error]: Error: La contraseña debe contener al menos un carácter especial
    at AuthService.register (C:\Users\matia\Downloads\Kimi_Agent_Panel Admin Peluquería Completo\barbershop-admin\backend\dist\services\auth.service.js:120:19)
    at async C:\Users\matia\Downloads\Kimi_Agent_Panel Admin Peluquería Completo\barbershop-admin\backend\dist\controllers\auth.controller.js:53:20
